singleton {"exBudgetCPU":1708940,"exBudgetMemory":6256,"scriptSizeBytes":68}
singletonData {"exBudgetCPU":3189793,"exBudgetMemory":7490,"scriptSizeBytes":80}
valueOf.itself {"exBudgetCPU":851100,"exBudgetMemory":3800,"scriptSizeBytes":115}
valueOf.applied {"exBudgetCPU":8887341,"exBudgetMemory":23308,"scriptSizeBytes":183}
valueOf.growing.1 {"exBudgetCPU":6189368,"exBudgetMemory":18450,"scriptSizeBytes":193}
valueOf.growing.2 {"exBudgetCPU":22282115,"exBudgetMemory":66140,"scriptSizeBytes":417}
valueOf.growing.3 {"exBudgetCPU":33723961,"exBudgetMemory":97446,"scriptSizeBytes":448}
valueOf.growing.4 {"exBudgetCPU":48921107,"exBudgetMemory":136512,"scriptSizeBytes":467}
valueOf.growing.5 {"exBudgetCPU":68218553,"exBudgetMemory":184838,"scriptSizeBytes":485}
valueOf.growing.6 {"exBudgetCPU":91616299,"exBudgetMemory":242424,"scriptSizeBytes":503}
valueOf.growing.7 {"exBudgetCPU":119114345,"exBudgetMemory":309270,"scriptSizeBytes":522}
valueOf.growing.8 {"exBudgetCPU":150712691,"exBudgetMemory":385376,"scriptSizeBytes":540}
valueOf.growing.9 {"exBudgetCPU":189165724,"exBudgetMemory":475900,"scriptSizeBytes":558}
valueOf.growing.10 {"exBudgetCPU":226546596,"exBudgetMemory":566596,"scriptSizeBytes":576}
valueOf.growing.11 {"exBudgetCPU":268027768,"exBudgetMemory":666552,"scriptSizeBytes":594}
valueOf.growing.12 {"exBudgetCPU":313609240,"exBudgetMemory":775768,"scriptSizeBytes":613}
valueOf.growing.13 {"exBudgetCPU":363291012,"exBudgetMemory":894244,"scriptSizeBytes":631}
valueOf.growing.14 {"exBudgetCPU":417073084,"exBudgetMemory":1021980,"scriptSizeBytes":649}
valueOf.growing.15 {"exBudgetCPU":474955456,"exBudgetMemory":1158976,"scriptSizeBytes":668}
valueOf.growing.16 {"exBudgetCPU":536938128,"exBudgetMemory":1305232,"scriptSizeBytes":686}
valueOf.growing.17 {"exBudgetCPU":603021100,"exBudgetMemory":1460748,"scriptSizeBytes":705}
unionWith.const {"exBudgetCPU":18572570,"exBudgetMemory":57640,"scriptSizeBytes":333}
unionWith.(+).itself {"exBudgetCPU":1012100,"exBudgetMemory":4500,"scriptSizeBytes":248}
unionWith.(+).applied {"exBudgetCPU":18664047,"exBudgetMemory":57142,"scriptSizeBytes":330}
unionWith.tokens {"exBudgetCPU":18435429,"exBudgetMemory":56646,"scriptSizeBytes":339}
unionWith.symbols {"exBudgetCPU":11422712,"exBudgetMemory":36632,"scriptSizeBytes":331}
unionWith.growing.1 {"exBudgetCPU":11491712,"exBudgetMemory":36932,"scriptSizeBytes":335}
unionWith.growing.2 {"exBudgetCPU":27515459,"exBudgetMemory":84322,"scriptSizeBytes":369}
unionWith.growing.3 {"exBudgetCPU":40363531,"exBudgetMemory":119758,"scriptSizeBytes":390}
unionWith.growing.4 {"exBudgetCPU":57242903,"exBudgetMemory":164154,"scriptSizeBytes":408}
unionWith.growing.5 {"exBudgetCPU":78222575,"exBudgetMemory":217810,"scriptSizeBytes":427}
unionWith.growing.6 {"exBudgetCPU":103302547,"exBudgetMemory":280726,"scriptSizeBytes":445}
unionWith.growing.7 {"exBudgetCPU":132482819,"exBudgetMemory":352902,"scriptSizeBytes":464}
unionWith.growing.8 {"exBudgetCPU":165763391,"exBudgetMemory":434338,"scriptSizeBytes":482}
unionWith.growing.9 {"exBudgetCPU":210282238,"exBudgetMemory":545648,"scriptSizeBytes":498}
unionWith.growing.10 {"exBudgetCPU":247663110,"exBudgetMemory":636344,"scriptSizeBytes":517}
unionWith.growing.11 {"exBudgetCPU":289144282,"exBudgetMemory":736300,"scriptSizeBytes":535}
unionWith.growing.12 {"exBudgetCPU":334725754,"exBudgetMemory":845516,"scriptSizeBytes":553}
unionWith.growing.13 {"exBudgetCPU":384407526,"exBudgetMemory":963992,"scriptSizeBytes":572}
unionWith.growing.14 {"exBudgetCPU":438189598,"exBudgetMemory":1091728,"scriptSizeBytes":590}
unionWith.growing.15 {"exBudgetCPU":496071970,"exBudgetMemory":1228724,"scriptSizeBytes":609}
unionWith.growing.16 {"exBudgetCPU":558054642,"exBudgetMemory":1374980,"scriptSizeBytes":627}
unionWith.growing.17 {"exBudgetCPU":624137614,"exBudgetMemory":1530496,"scriptSizeBytes":645}
unionWithData const.itself {"exBudgetCPU":1012100,"exBudgetMemory":4500,"scriptSizeBytes":238}
unionWithData const.applied {"exBudgetCPU":18208856,"exBudgetMemory":56344,"scriptSizeBytes":323}
inv {"exBudgetCPU":8006438,"exBudgetMemory":25962,"scriptSizeBytes":175}
equality.itself {"exBudgetCPU":23100,"exBudgetMemory":200,"scriptSizeBytes":15}
equality.triviallyTrue {"exBudgetCPU":5254875,"exBudgetMemory":13977,"scriptSizeBytes":100}
equality.triviallyFalse {"exBudgetCPU":5185875,"exBudgetMemory":13677,"scriptSizeBytes":109}
equality.swappedTokensTrue {"exBudgetCPU":38087299,"exBudgetMemory":111457,"scriptSizeBytes":393}
equality.swappedSymbolsTrue {"exBudgetCPU":24037139,"exBudgetMemory":70829,"scriptSizeBytes":384}
equality.growing.1 {"exBudgetCPU":5254875,"exBudgetMemory":13977,"scriptSizeBytes":100}
equality.growing.2 {"exBudgetCPU":38049229,"exBudgetMemory":111457,"scriptSizeBytes":388}
equality.growing.3 {"exBudgetCPU":55714907,"exBudgetMemory":163509,"scriptSizeBytes":423}
equality.growing.4 {"exBudgetCPU":81581185,"exBudgetMemory":234081,"scriptSizeBytes":459}
equality.growing.5 {"exBudgetCPU":115648063,"exBudgetMemory":323173,"scriptSizeBytes":494}
equality.growing.6 {"exBudgetCPU":157915541,"exBudgetMemory":430785,"scriptSizeBytes":529}
equality.growing.7 {"exBudgetCPU":208383619,"exBudgetMemory":556917,"scriptSizeBytes":564}
equality.growing.8 {"exBudgetCPU":267052297,"exBudgetMemory":701569,"scriptSizeBytes":600}
equality.growing.9 {"exBudgetCPU":333921575,"exBudgetMemory":864741,"scriptSizeBytes":635}
equality.growing.10 {"exBudgetCPU":408991453,"exBudgetMemory":1046433,"scriptSizeBytes":670}
equality.growing.11 {"exBudgetCPU":492261931,"exBudgetMemory":1246645,"scriptSizeBytes":705}
equality.growing.12 {"exBudgetCPU":583733009,"exBudgetMemory":1465377,"scriptSizeBytes":741}
equality.growing.13 {"exBudgetCPU":683404687,"exBudgetMemory":1702629,"scriptSizeBytes":776}
equality.growing.14 {"exBudgetCPU":791276965,"exBudgetMemory":1958401,"scriptSizeBytes":811}
equality.growing.15 {"exBudgetCPU":907349843,"exBudgetMemory":2232693,"scriptSizeBytes":846}
equality.growing.16 {"exBudgetCPU":1031623321,"exBudgetMemory":2525505,"scriptSizeBytes":882}
equality.growing.17 {"exBudgetCPU":1164097399,"exBudgetMemory":2836837,"scriptSizeBytes":917}
normalize.identity {"exBudgetCPU":36285548,"exBudgetMemory":108757,"scriptSizeBytes":560}
normalize.empty {"exBudgetCPU":25276001,"exBudgetMemory":75761,"scriptSizeBytes":443}
assertSorted.succeeds {"exBudgetCPU":30813271,"exBudgetMemory":97682,"scriptSizeBytes":516}
assertSorted.fails on malsorted symbols {"exBudgetCPU":20705777,"exBudgetMemory":62290,"scriptSizeBytes":340}
assertSorted.fails on zero quantities {"exBudgetCPU":21820727,"exBudgetMemory":62160,"scriptSizeBytes":515}
assertSorted.fails on empty token map {"exBudgetCPU":1240239,"exBudgetMemory":455,"scriptSizeBytes":262}
Ada.adaSymbol {"exBudgetCPU":23100,"exBudgetMemory":200,"scriptSizeBytes":8}
Ada.adaToken {"exBudgetCPU":23100,"exBudgetMemory":200,"scriptSizeBytes":8}
Ada.lovelaceValueOf {"exBudgetCPU":230100,"exBudgetMemory":1100,"scriptSizeBytes":53}
Ada.isAdaOnlyValue.itself {"exBudgetCPU":23100,"exBudgetMemory":200,"scriptSizeBytes":45}
Ada.isAdaOnlyValue.true on empty {"exBudgetCPU":497454,"exBudgetMemory":1532,"scriptSizeBytes":50}
Ada.isAdaOnlyValue.trivially false {"exBudgetCPU":4349105,"exBudgetMemory":10950,"scriptSizeBytes":107}
Ada.isAdaOnlyValue.less trivially false {"exBudgetCPU":13901877,"exBudgetMemory":40626,"scriptSizeBytes":366}
Ada.adaOnlyValue.itself {"exBudgetCPU":184100,"exBudgetMemory":900,"scriptSizeBytes":52}
Ada.adaOnlyValue.on empty {"exBudgetCPU":589454,"exBudgetMemory":1932,"scriptSizeBytes":51}
Ada.adaOnlyValue.on non-Ada {"exBudgetCPU":4356574,"exBudgetMemory":10950,"scriptSizeBytes":109}
Ada.adaOnlyValue.on Ada {"exBudgetCPU":4287574,"exBudgetMemory":10650,"scriptSizeBytes":95}
Ada.noAdaValue.itself {"exBudgetCPU":23100,"exBudgetMemory":200,"scriptSizeBytes":37}
Ada.noAdaValue.on empty {"exBudgetCPU":497454,"exBudgetMemory":1532,"scriptSizeBytes":43}
Ada.noAdaValue.on non-Ada {"exBudgetCPU":4082014,"exBudgetMemory":10018,"scriptSizeBytes":100}
Ada.noAdaValue.on Ada {"exBudgetCPU":4013014,"exBudgetMemory":9718,"scriptSizeBytes":87}