do.succeeds {"exBudgetCPU":6217368,"exBudgetMemory":16009,"scriptSizeBytes":390}
do.fails {"exBudgetCPU":10465180,"exBudgetMemory":21069,"scriptSizeBytes":386}