reverse.reverse_[1..5] (program 1.0.0 (\i0 -> \i0 -> i2 5 (\i0 -> \i0 -> i2 4 (\i0 -> \i0 -> i2 3 (\i0 -> \i0 -> i2 2 (\i0 -> \i0 -> i2 1 (\i0 -> \i0 -> force i1)))))))
reverse.reverse_[1..10] (program 1.0.0 True)
reverse.reverse_[] (program 1.0.0 (\i0 -> \i0 -> force i1))
checkSorted.checkSorted_[1..10] (program 1.0.0 True)
checkSorted.checkSorted_[10..1] (program 1.0.0 True)
sort.sort_[1..5] (program 1.0.0 (\i0 -> \i0 -> i2 1 (\i0 -> \i0 -> i2 2 (\i0 -> \i0 -> i2 3 (\i0 -> \i0 -> i2 4 (\i0 -> \i0 -> i2 5 (\i0 -> \i0 -> force i1)))))))
sort.sort_[] (program 1.0.0 (\i0 -> \i0 -> force i1))
mergeBy.mergeBy_[1..5]_[1..5] (program 1.0.0 (\i0 -> \i0 -> i2 1 (\i0 -> \i0 -> i2 1 (\i0 -> \i0 -> i2 2 (\i0 -> \i0 -> i2 2 (\i0 -> \i0 -> i2 3 (\i0 -> \i0 -> i2 3 (\i0 -> \i0 -> i2 4 (\i0 -> \i0 -> i2 4 (\i0 -> \i0 -> i2 5 (\i0 -> \i0 -> i2 5 (\i0 -> \i0 -> force i1))))))))))))
mergeBy.mergeBy_[]_[] (program 1.0.0 (\i0 -> \i0 -> force i1))
nub.nub_[1, 1, 2, 2, 3, 4, 5] (program 1.0.0 True)
nub.nub_[] (program 1.0.0 (\i0 -> \i0 -> force i1))
pisUniq.isUniq_1_[1..5] (program 1.0.0 True)
pisUniq.isUniq_1_[] (program 1.0.0 True)
pmapMaybe.mapMaybe_[1..5] (program 1.0.0 (\i0 -> \i0 -> i2 1 (\i0 -> \i0 -> i2 2 (\i0 -> \i0 -> i2 3 (\i0 -> \i0 -> i2 4 (\i0 -> \i0 -> i2 5 (\i0 -> \i0 -> force i1)))))))
pmapMaybe.mapMaybe_[] (program 1.0.0 (\i0 -> \i0 -> force i1))
pmapMaybe.mapMaybe_[1..5]_Nothing (program 1.0.0 True)
preplicate.preplicate_5_0 (program 1.0.0 True)
preplicate.preplicate_0_0 (program 1.0.0 True)